2024-12-04T09:15:50.273+08:00  INFO 32531 --- [background-preinit] o.h.validator.internal.util.Version      : HV000001: Hibernate Validator 8.0.1.Final
2024-12-04T09:15:50.296+08:00  INFO 32531 --- [main] c.c.p.PoweradminApiApplication           : Starting PoweradminApiApplication using Java 17 with PID 32531 (/Users/dochengzz/IdeaProjects/PowerAdmin/Api/target/classes started by dochengzz in /Users/dochengzz/IdeaProjects/PowerAdmin/Api)
2024-12-04T09:15:50.297+08:00  INFO 32531 --- [main] c.c.p.PoweradminApiApplication           : The following 1 profile is active: "dev"
2024-12-04T09:25:03.890+08:00  INFO 32956 --- [background-preinit] o.h.validator.internal.util.Version      : HV000001: Hibernate Validator 6.2.5.Final
2024-12-04T09:25:03.894+08:00  INFO 32956 --- [main] c.c.p.PoweradminApiApplication           : Starting PoweradminApiApplication using Java 17 on bogon with PID 32956 (/Users/dochengzz/IdeaProjects/PowerAdmin/Api/target/classes started by dochengzz in /Users/dochengzz/IdeaProjects/PowerAdmin/Api)
2024-12-04T09:25:03.895+08:00  INFO 32956 --- [main] c.c.p.PoweradminApiApplication           : The following 1 profile is active: "dev"
2024-12-04T09:25:04.309+08:00  INFO 32956 --- [main] o.s.b.w.embedded.tomcat.TomcatWebServer  : Tomcat initialized with port(s): 8888 (http)
2024-12-04T09:25:04.312+08:00  INFO 32956 --- [main] o.a.coyote.http11.Http11NioProtocol      : Initializing ProtocolHandler ["http-nio-8888"]
2024-12-04T09:25:04.313+08:00  INFO 32956 --- [main] o.apache.catalina.core.StandardService   : Starting service [Tomcat]
2024-12-04T09:25:04.313+08:00  INFO 32956 --- [main] org.apache.catalina.core.StandardEngine  : Starting Servlet engine: [Apache Tomcat/9.0.79]
2024-12-04T09:25:04.348+08:00  INFO 32956 --- [main] o.a.c.c.C.[Tomcat].[localhost].[/]       : Initializing Spring embedded WebApplicationContext
2024-12-04T09:25:04.348+08:00  INFO 32956 --- [main] w.s.c.ServletWebServerApplicationContext : Root WebApplicationContext: initialization completed in 430 ms
2024-12-04T09:25:04.455+08:00  INFO 32956 --- [main] c.a.d.s.b.a.DruidDataSourceAutoConfigure : Init DruidDataSource
2024-12-04T09:25:04.865+08:00  INFO 32956 --- [main] com.alibaba.druid.pool.DruidDataSource   : {dataSource-1} inited
2024-12-04T09:25:04.909+08:00  INFO 32956 --- [main] com.alibaba.druid.pool.DruidDataSource   : {dataSource-1} closing ...
2024-12-04T09:25:04.919+08:00  INFO 32956 --- [main] com.alibaba.druid.pool.DruidDataSource   : {dataSource-1} closed
2024-12-04T09:25:04.920+08:00  INFO 32956 --- [main] o.apache.catalina.core.StandardService   : Stopping service [Tomcat]
2024-12-04T09:28:28.887+08:00  INFO 33079 --- [background-preinit] o.h.validator.internal.util.Version      : HV000001: Hibernate Validator 6.2.5.Final
2024-12-04T09:28:28.891+08:00  INFO 33079 --- [main] c.c.p.PoweradminApiApplication           : Starting PoweradminApiApplication using Java 17 on bogon with PID 33079 (/Users/dochengzz/IdeaProjects/PowerAdmin/Api/target/classes started by dochengzz in /Users/dochengzz/IdeaProjects/PowerAdmin/Api)
2024-12-04T09:28:28.891+08:00  INFO 33079 --- [main] c.c.p.PoweradminApiApplication           : The following 1 profile is active: "dev"
2024-12-04T09:28:29.310+08:00  INFO 33079 --- [main] o.s.b.w.embedded.tomcat.TomcatWebServer  : Tomcat initialized with port(s): 8888 (http)
2024-12-04T09:28:29.313+08:00  INFO 33079 --- [main] o.a.coyote.http11.Http11NioProtocol      : Initializing ProtocolHandler ["http-nio-8888"]
2024-12-04T09:28:29.313+08:00  INFO 33079 --- [main] o.apache.catalina.core.StandardService   : Starting service [Tomcat]
2024-12-04T09:28:29.314+08:00  INFO 33079 --- [main] org.apache.catalina.core.StandardEngine  : Starting Servlet engine: [Apache Tomcat/9.0.79]
2024-12-04T09:28:29.346+08:00  INFO 33079 --- [main] o.a.c.c.C.[Tomcat].[localhost].[/]       : Initializing Spring embedded WebApplicationContext
2024-12-04T09:28:29.346+08:00  INFO 33079 --- [main] w.s.c.ServletWebServerApplicationContext : Root WebApplicationContext: initialization completed in 435 ms
2024-12-04T09:28:29.461+08:00  INFO 33079 --- [main] c.a.d.s.b.a.DruidDataSourceAutoConfigure : Init DruidDataSource
2024-12-04T09:28:29.868+08:00  INFO 33079 --- [main] com.alibaba.druid.pool.DruidDataSource   : {dataSource-1} inited
2024-12-04T09:28:30.070+08:00  INFO 33079 --- [main] o.a.coyote.http11.Http11NioProtocol      : Starting ProtocolHandler ["http-nio-8888"]
2024-12-04T09:28:30.078+08:00  INFO 33079 --- [main] o.s.b.w.embedded.tomcat.TomcatWebServer  : Tomcat started on port(s): 8888 (http) with context path ''
2024-12-04T09:28:30.085+08:00  INFO 33079 --- [main] c.c.p.PoweradminApiApplication           : Started PoweradminApiApplication in 1.39 seconds (JVM running for 1.64)
2024-12-04T09:29:09.779+08:00  INFO 33079 --- [http-nio-8888-exec-1] o.a.c.c.C.[Tomcat].[localhost].[/]       : Initializing Spring DispatcherServlet 'dispatcherServlet'
2024-12-04T09:29:09.779+08:00  INFO 33079 --- [http-nio-8888-exec-1] o.s.web.servlet.DispatcherServlet        : Initializing Servlet 'dispatcherServlet'
2024-12-04T09:29:09.780+08:00  INFO 33079 --- [http-nio-8888-exec-1] o.s.web.servlet.DispatcherServlet        : Completed initialization in 1 ms
2024-12-04T09:29:09.783+08:00  INFO 33079 --- [http-nio-8888-exec-1] c.c.p.infra.global.AccessFilter          : http_start|/druid/stat
2024-12-04T09:29:09.824+08:00  INFO 33079 --- [http-nio-8888-exec-1] c.c.p.infra.global.AccessFilter          : http_end|/druid/stat|200|41
2024-12-04T09:35:23.358+08:00  INFO 33079 --- [http-nio-8888-exec-5] c.c.p.infra.global.AccessFilter          : http_start|/getuserinfo
2024-12-04T09:35:23.478+08:00  INFO 33079 --- [http-nio-8888-exec-5] c.c.p.infra.global.AccessFilter          : http_end|/getuserinfo|200|120
2024-12-04T10:35:13.496+08:00  INFO 35360 --- [main] c.c.p.PoweradminApiApplication           : Starting PoweradminApiApplication using Java 17 on bogon with PID 35360 (/Users/dochengzz/IdeaProjects/PowerAdmin/Api/target/classes started by dochengzz in /Users/dochengzz/IdeaProjects/PowerAdmin/Api)
2024-12-04T10:35:13.498+08:00  INFO 35360 --- [background-preinit] o.h.validator.internal.util.Version      : HV000001: Hibernate Validator 6.2.5.Final
2024-12-04T10:35:13.499+08:00  INFO 35360 --- [main] c.c.p.PoweradminApiApplication           : The following 1 profile is active: "dev"
2024-12-04T10:35:13.804+08:00  INFO 35368 --- [background-preinit] o.h.validator.internal.util.Version      : HV000001: Hibernate Validator 6.2.5.Final
2024-12-04T10:35:13.806+08:00  INFO 35368 --- [main] c.c.p.PoweradminApiApplication           : Starting PoweradminApiApplication using Java 17 on bogon with PID 35368 (/Users/dochengzz/IdeaProjects/PowerAdmin/Api/target/classes started by dochengzz in /Users/dochengzz/IdeaProjects/PowerAdmin/Api)
2024-12-04T10:35:13.807+08:00  INFO 35368 --- [main] c.c.p.PoweradminApiApplication           : The following 1 profile is active: "dev"
2024-12-04T10:35:14.085+08:00  INFO 35360 --- [main] o.s.b.w.embedded.tomcat.TomcatWebServer  : Tomcat initialized with port(s): 8888 (http)
2024-12-04T10:35:14.090+08:00  INFO 35360 --- [main] o.a.coyote.http11.Http11NioProtocol      : Initializing ProtocolHandler ["http-nio-8888"]
2024-12-04T10:35:14.091+08:00  INFO 35360 --- [main] o.apache.catalina.core.StandardService   : Starting service [Tomcat]
2024-12-04T10:35:14.091+08:00  INFO 35360 --- [main] org.apache.catalina.core.StandardEngine  : Starting Servlet engine: [Apache Tomcat/9.0.79]
2024-12-04T10:35:14.135+08:00  INFO 35360 --- [main] o.a.c.c.C.[Tomcat].[localhost].[/]       : Initializing Spring embedded WebApplicationContext
2024-12-04T10:35:14.135+08:00  INFO 35360 --- [main] w.s.c.ServletWebServerApplicationContext : Root WebApplicationContext: initialization completed in 596 ms
2024-12-04T10:35:14.262+08:00  INFO 35360 --- [main] c.a.d.s.b.a.DruidDataSourceAutoConfigure : Init DruidDataSource
2024-12-04T10:35:14.288+08:00  INFO 35368 --- [main] o.s.b.w.embedded.tomcat.TomcatWebServer  : Tomcat initialized with port(s): 8888 (http)
2024-12-04T10:35:14.292+08:00  INFO 35368 --- [main] o.a.coyote.http11.Http11NioProtocol      : Initializing ProtocolHandler ["http-nio-8888"]
2024-12-04T10:35:14.292+08:00  INFO 35368 --- [main] o.apache.catalina.core.StandardService   : Starting service [Tomcat]
2024-12-04T10:35:14.293+08:00  INFO 35368 --- [main] org.apache.catalina.core.StandardEngine  : Starting Servlet engine: [Apache Tomcat/9.0.79]
2024-12-04T10:35:14.338+08:00  INFO 35368 --- [main] o.a.c.c.C.[Tomcat].[localhost].[/]       : Initializing Spring embedded WebApplicationContext
2024-12-04T10:35:14.338+08:00  INFO 35368 --- [main] w.s.c.ServletWebServerApplicationContext : Root WebApplicationContext: initialization completed in 509 ms
2024-12-04T10:35:14.469+08:00  INFO 35368 --- [main] c.a.d.s.b.a.DruidDataSourceAutoConfigure : Init DruidDataSource
2024-12-04T10:35:14.754+08:00  INFO 35360 --- [main] com.alibaba.druid.pool.DruidDataSource   : {dataSource-1} inited
2024-12-04T10:35:14.801+08:00  INFO 35360 --- [main] com.alibaba.druid.pool.DruidDataSource   : {dataSource-1} closing ...
2024-12-04T10:35:14.810+08:00  INFO 35360 --- [main] com.alibaba.druid.pool.DruidDataSource   : {dataSource-1} closed
2024-12-04T10:35:14.811+08:00  INFO 35360 --- [main] o.apache.catalina.core.StandardService   : Stopping service [Tomcat]
2024-12-04T10:35:14.867+08:00  INFO 35368 --- [main] com.alibaba.druid.pool.DruidDataSource   : {dataSource-1} inited
2024-12-04T10:35:14.906+08:00  INFO 35368 --- [main] com.alibaba.druid.pool.DruidDataSource   : {dataSource-1} closing ...
2024-12-04T10:35:14.915+08:00  INFO 35368 --- [main] com.alibaba.druid.pool.DruidDataSource   : {dataSource-1} closed
2024-12-04T10:35:14.916+08:00  INFO 35368 --- [main] o.apache.catalina.core.StandardService   : Stopping service [Tomcat]
2024-12-04T10:35:19.132+08:00  INFO 35376 --- [background-preinit] o.h.validator.internal.util.Version      : HV000001: Hibernate Validator 6.2.5.Final
2024-12-04T10:35:19.133+08:00  INFO 35376 --- [main] c.c.p.PoweradminApiApplication           : Starting PoweradminApiApplication using Java 17 on bogon with PID 35376 (/Users/dochengzz/IdeaProjects/PowerAdmin/Api/target/classes started by dochengzz in /Users/dochengzz/IdeaProjects/PowerAdmin/Api)
2024-12-04T10:35:19.135+08:00  INFO 35376 --- [main] c.c.p.PoweradminApiApplication           : The following 1 profile is active: "dev"
2024-12-04T10:35:19.570+08:00  INFO 35376 --- [main] o.s.b.w.embedded.tomcat.TomcatWebServer  : Tomcat initialized with port(s): 8888 (http)
2024-12-04T10:35:19.573+08:00  INFO 35376 --- [main] o.a.coyote.http11.Http11NioProtocol      : Initializing ProtocolHandler ["http-nio-8888"]
2024-12-04T10:35:19.573+08:00  INFO 35376 --- [main] o.apache.catalina.core.StandardService   : Starting service [Tomcat]
2024-12-04T10:35:19.574+08:00  INFO 35376 --- [main] org.apache.catalina.core.StandardEngine  : Starting Servlet engine: [Apache Tomcat/9.0.79]
2024-12-04T10:35:19.609+08:00  INFO 35376 --- [main] o.a.c.c.C.[Tomcat].[localhost].[/]       : Initializing Spring embedded WebApplicationContext
2024-12-04T10:35:19.609+08:00  INFO 35376 --- [main] w.s.c.ServletWebServerApplicationContext : Root WebApplicationContext: initialization completed in 448 ms
2024-12-04T10:35:19.720+08:00  INFO 35376 --- [main] c.a.d.s.b.a.DruidDataSourceAutoConfigure : Init DruidDataSource
2024-12-04T10:35:20.122+08:00  INFO 35376 --- [main] com.alibaba.druid.pool.DruidDataSource   : {dataSource-1} inited
2024-12-04T10:35:20.162+08:00  INFO 35376 --- [main] com.alibaba.druid.pool.DruidDataSource   : {dataSource-1} closing ...
2024-12-04T10:35:20.169+08:00  INFO 35376 --- [main] com.alibaba.druid.pool.DruidDataSource   : {dataSource-1} closed
2024-12-04T10:35:20.170+08:00  INFO 35376 --- [main] o.apache.catalina.core.StandardService   : Stopping service [Tomcat]
2024-12-04T10:44:16.536+08:00  INFO 35525 --- [background-preinit] o.h.validator.internal.util.Version      : HV000001: Hibernate Validator 6.2.5.Final
2024-12-04T10:44:16.537+08:00  INFO 35525 --- [main] c.c.p.PoweradminApiApplication           : Starting PoweradminApiApplication using Java 17 on bogon with PID 35525 (/Users/dochengzz/IdeaProjects/PowerAdmin/Api/target/classes started by dochengzz in /Users/dochengzz/IdeaProjects/PowerAdmin/Api)
2024-12-04T10:44:16.538+08:00  INFO 35525 --- [main] c.c.p.PoweradminApiApplication           : The following 1 profile is active: "dev"
2024-12-04T10:44:16.978+08:00  INFO 35525 --- [main] o.s.b.w.embedded.tomcat.TomcatWebServer  : Tomcat initialized with port(s): 8888 (http)
2024-12-04T10:44:16.981+08:00  INFO 35525 --- [main] o.a.coyote.http11.Http11NioProtocol      : Initializing ProtocolHandler ["http-nio-8888"]
2024-12-04T10:44:16.981+08:00  INFO 35525 --- [main] o.apache.catalina.core.StandardService   : Starting service [Tomcat]
2024-12-04T10:44:16.981+08:00  INFO 35525 --- [main] org.apache.catalina.core.StandardEngine  : Starting Servlet engine: [Apache Tomcat/9.0.79]
2024-12-04T10:44:17.017+08:00  INFO 35525 --- [main] o.a.c.c.C.[Tomcat].[localhost].[/]       : Initializing Spring embedded WebApplicationContext
2024-12-04T10:44:17.017+08:00  INFO 35525 --- [main] w.s.c.ServletWebServerApplicationContext : Root WebApplicationContext: initialization completed in 450 ms
2024-12-04T10:44:17.141+08:00  INFO 35525 --- [main] c.a.d.s.b.a.DruidDataSourceAutoConfigure : Init DruidDataSource
2024-12-04T10:44:17.550+08:00  INFO 35525 --- [main] com.alibaba.druid.pool.DruidDataSource   : {dataSource-1} inited
2024-12-04T10:44:17.596+08:00  INFO 35525 --- [main] com.alibaba.druid.pool.DruidDataSource   : {dataSource-1} closing ...
2024-12-04T10:44:17.604+08:00  INFO 35525 --- [main] com.alibaba.druid.pool.DruidDataSource   : {dataSource-1} closed
2024-12-04T10:44:17.606+08:00  INFO 35525 --- [main] o.apache.catalina.core.StandardService   : Stopping service [Tomcat]
2024-12-04T10:44:48.798+08:00  INFO 35567 --- [main] c.c.p.PoweradminApiApplication           : Starting PoweradminApiApplication using Java 17 on bogon with PID 35567 (/Users/dochengzz/IdeaProjects/PowerAdmin/Api/target/classes started by dochengzz in /Users/dochengzz/IdeaProjects/PowerAdmin/Api)
2024-12-04T10:44:48.798+08:00  INFO 35567 --- [background-preinit] o.h.validator.internal.util.Version      : HV000001: Hibernate Validator 6.2.5.Final
2024-12-04T10:44:48.799+08:00  INFO 35567 --- [main] c.c.p.PoweradminApiApplication           : The following 1 profile is active: "dev"
2024-12-04T10:44:49.230+08:00  INFO 35567 --- [main] o.s.b.w.embedded.tomcat.TomcatWebServer  : Tomcat initialized with port(s): 8888 (http)
2024-12-04T10:44:49.234+08:00  INFO 35567 --- [main] o.a.coyote.http11.Http11NioProtocol      : Initializing ProtocolHandler ["http-nio-8888"]
2024-12-04T10:44:49.234+08:00  INFO 35567 --- [main] o.apache.catalina.core.StandardService   : Starting service [Tomcat]
2024-12-04T10:44:49.234+08:00  INFO 35567 --- [main] org.apache.catalina.core.StandardEngine  : Starting Servlet engine: [Apache Tomcat/9.0.79]
2024-12-04T10:44:49.271+08:00  INFO 35567 --- [main] o.a.c.c.C.[Tomcat].[localhost].[/]       : Initializing Spring embedded WebApplicationContext
2024-12-04T10:44:49.271+08:00  INFO 35567 --- [main] w.s.c.ServletWebServerApplicationContext : Root WebApplicationContext: initialization completed in 456 ms
2024-12-04T10:44:49.406+08:00  INFO 35567 --- [main] c.a.d.s.b.a.DruidDataSourceAutoConfigure : Init DruidDataSource
2024-12-04T10:44:49.825+08:00  INFO 35567 --- [main] com.alibaba.druid.pool.DruidDataSource   : {dataSource-1} inited
2024-12-04T10:44:49.869+08:00  INFO 35567 --- [main] com.alibaba.druid.pool.DruidDataSource   : {dataSource-1} closing ...
2024-12-04T10:44:49.877+08:00  INFO 35567 --- [main] com.alibaba.druid.pool.DruidDataSource   : {dataSource-1} closed
2024-12-04T10:44:49.878+08:00  INFO 35567 --- [main] o.apache.catalina.core.StandardService   : Stopping service [Tomcat]
2024-12-04T10:46:12.803+08:00  INFO 35626 --- [main] c.c.p.PoweradminApiApplication           : Starting PoweradminApiApplication using Java 17 on bogon with PID 35626 (/Users/dochengzz/IdeaProjects/PowerAdmin/Api/target/classes started by dochengzz in /Users/dochengzz/IdeaProjects/PowerAdmin/Api)
2024-12-04T10:46:12.804+08:00  INFO 35626 --- [background-preinit] o.h.validator.internal.util.Version      : HV000001: Hibernate Validator 6.2.5.Final
2024-12-04T10:46:12.804+08:00  INFO 35626 --- [main] c.c.p.PoweradminApiApplication           : The following 1 profile is active: "dev"
2024-12-04T10:46:13.201+08:00  INFO 35626 --- [main] o.s.b.w.embedded.tomcat.TomcatWebServer  : Tomcat initialized with port(s): 8888 (http)
2024-12-04T10:46:13.204+08:00  INFO 35626 --- [main] o.a.coyote.http11.Http11NioProtocol      : Initializing ProtocolHandler ["http-nio-8888"]
2024-12-04T10:46:13.204+08:00  INFO 35626 --- [main] o.apache.catalina.core.StandardService   : Starting service [Tomcat]
2024-12-04T10:46:13.204+08:00  INFO 35626 --- [main] org.apache.catalina.core.StandardEngine  : Starting Servlet engine: [Apache Tomcat/9.0.79]
2024-12-04T10:46:13.240+08:00  INFO 35626 --- [main] o.a.c.c.C.[Tomcat].[localhost].[/]       : Initializing Spring embedded WebApplicationContext
2024-12-04T10:46:13.240+08:00  INFO 35626 --- [main] w.s.c.ServletWebServerApplicationContext : Root WebApplicationContext: initialization completed in 418 ms
2024-12-04T10:46:13.352+08:00  INFO 35626 --- [main] c.a.d.s.b.a.DruidDataSourceAutoConfigure : Init DruidDataSource
2024-12-04T10:46:13.719+08:00  INFO 35626 --- [main] com.alibaba.druid.pool.DruidDataSource   : {dataSource-1} inited
2024-12-04T10:46:13.931+08:00  INFO 35626 --- [main] o.a.coyote.http11.Http11NioProtocol      : Starting ProtocolHandler ["http-nio-8888"]
2024-12-04T10:46:13.938+08:00  INFO 35626 --- [main] o.s.b.w.embedded.tomcat.TomcatWebServer  : Tomcat started on port(s): 8888 (http) with context path ''
2024-12-04T10:46:13.947+08:00  INFO 35626 --- [main] c.c.p.PoweradminApiApplication           : Started PoweradminApiApplication in 1.332 seconds (JVM running for 1.589)
2024-12-04T10:46:40.156+08:00  INFO 35626 --- [SpringApplicationShutdownHook] com.alibaba.druid.pool.DruidDataSource   : {dataSource-1} closing ...
2024-12-04T10:46:40.173+08:00  INFO 35626 --- [SpringApplicationShutdownHook] com.alibaba.druid.pool.DruidDataSource   : {dataSource-1} closed
